// Jest Snapshot v1, https://goo.gl/fbAQLP

exports[`App component renders the App component 1`] = `
<BrowserRouter>
  <Switch>
    <Route
      component={[Function]}
      exact={true}
      path="/"
    />
    <Route
      component={[Function]}
      path="/signup"
    />
  </Switch>
</BrowserRouter>
`;
